// Jest Snapshot v1, https://goo.gl/fbAQLP

exports[`Should flatten 1`] = `
Object {
  "pets.cats.0.colors.0": "black",
  "pets.cats.0.colors.1": "white",
  "pets.cats.0.litterBox.clean": false,
  "pets.cats.0.name": "mrSocks",
  "pets.cats.0.whiskers": true,
  "pets.dogs.0.goodBoy": true,
  "pets.dogs.0.name": "douggie",
}
`;
